✔ | F W  S  OK | Context
⠏ |          0 | ids                                                                                                               ⠋ |          1 | ids                                                                                                               ✔ |          6 | ids [1.9s]

══ Results ════════════════════════════════════════════════════════════════════════════════════════════════════════════════════════
Duration: 2.0 s

[ FAIL 0 | WARN 0 | SKIP 0 | PASS 6 ]
